<Schema Namespace="NS1" xmlns="http://docs.oasis-open.org/odata/ns/edm">
  <ComplexType Name="Complex">
    <Property Name="EnumProperty0" Type="NS1.Direction0" Nullable="false" />
    <Property Name="EnumProperty1" Type="NS1.Direction1" Nullable="false" />
    <Property Name="EnumProperty2" Type="NS1.Direction2" Nullable="false" />
    <Property Name="EnumProperty3" Type="NS1.Direction3" Nullable="false" />
  </ComplexType>
  <EntityType Name="Person">
    <Key>
      <PropertyRef Name="EnumProperty0" />
      <PropertyRef Name="EnumProperty1" />
      <PropertyRef Name="EnumProperty2" />
      <PropertyRef Name="EnumProperty3" />
    </Key>
    <Property Name="EnumProperty0" Type="NS1.Direction0" Nullable="false" />
    <Property Name="EnumProperty1" Type="NS1.Direction1" Nullable="false" />
    <Property Name="EnumProperty2" Type="NS1.Direction2" Nullable="false" />
    <Property Name="EnumProperty3" Type="NS1.Direction3" Nullable="false" />
  </EntityType>
  <EnumType Name="Direction0" UnderlyingType="Edm.Byte">
    <Member Name="East" Value="0" />
  </EnumType>
  <EnumType Name="Direction1" UnderlyingType="Edm.SByte">
    <Member Name="East" Value="0" />
  </EnumType>
  <EnumType Name="Direction2" UnderlyingType="Edm.Int16">
    <Member Name="East" Value="0" />
  </EnumType>
  <EnumType Name="Direction3" UnderlyingType="Edm.Int64">
    <Member Name="East" Value="0" />
  </EnumType>
  <Function Name="Function0">
    <Parameter Name="Param0" Type="NS1.Direction0" Nullable="false" />
    <ReturnType Type="NS1.Direction0" Nullable="false" />
  </Function>
  <Function Name="Function1">
    <Parameter Name="Param1" Type="NS1.Direction1" Nullable="false" />
    <ReturnType Type="NS1.Direction1" Nullable="false" />
  </Function>
  <Function Name="Function2">
    <Parameter Name="Param2" Type="NS1.Direction2" Nullable="false" />
    <ReturnType Type="NS1.Direction2" Nullable="false" />
  </Function>
  <Function Name="Function3">
    <Parameter Name="Param3" Type="NS1.Direction3" Nullable="false" />
    <ReturnType Type="NS1.Direction3" Nullable="false" />
  </Function>
  <EntityContainer Name="MyContainer">
    <FunctionImport Name="Function0" Function="NS1.Function0" />
    <FunctionImport Name="Function1" Function="NS1.Function1" />
    <FunctionImport Name="Function2" Function="NS1.Function2" />
    <FunctionImport Name="Function3" Function="NS1.Function3" />
  </EntityContainer>
</Schema>

