$filter = geo.distance(Home, Office) lt 0.5


FilterQueryOption
	ItemType = [Microsoft.Test.Taupo.OData.WCFService.Employee Nullable=False]
	Parameter = 
	ResourceRangeVariable
		Name = $it
		NavigationSource = Boss
		TypeReference = [Microsoft.Test.Taupo.OData.WCFService.Employee Nullable=False]
	Expression = 
		SingleValueFunctionCallNode
			Name = geo.distance
			Return Type = [Edm.Double Nullable=True]
			Function = 
			Arguments = 
				SingleValuePropertyAccessNode
					Property = Home
					TypeReference = [Edm.GeographyPoint Nullable=True SRID=4326]
					Source = 
					ResourceRangeVariableReferenceNode
						Name = $it
						NavigationSource = Boss
						TypeReference = [Microsoft.Test.Taupo.OData.WCFService.Employee Nullable=False]
						Range Variable = Microsoft.OData.UriParser.ResourceRangeVariable
				SingleValuePropertyAccessNode
					Property = Office
					TypeReference = [Edm.GeographyPoint Nullable=True SRID=4326]
					Source = 
					ResourceRangeVariableReferenceNode
						Name = $it
						NavigationSource = Boss
						TypeReference = [Microsoft.Test.Taupo.OData.WCFService.Employee Nullable=False]
						Range Variable = Microsoft.OData.UriParser.ResourceRangeVariable
	LessThan
		0.5(Type: [Edm.Double Nullable=False])