$filter = CustomerID eq null


FilterQueryOption
	ItemType = [Microsoft.Test.Taupo.OData.WCFService.Order Nullable=False]
	Parameter = 
	ResourceRangeVariable
		Name = $it
		NavigationSource = SpecialOrder
		TypeReference = [Microsoft.Test.Taupo.OData.WCFService.Order Nullable=False]
	Expression = 
		ConvertNode
			TypeReference = [Edm.Int32 Nullable=True]
			Source = 
			SingleValuePropertyAccessNode
				Property = CustomerID
				TypeReference = [Edm.Int32 Nullable=False]
				Source = 
				ResourceRangeVariableReferenceNode
					Name = $it
					NavigationSource = SpecialOrder
					TypeReference = [Microsoft.Test.Taupo.OData.WCFService.Order Nullable=False]
					Range Variable = Microsoft.OData.UriParser.ResourceRangeVariable
	Equal
		ConvertNode
			TypeReference = [Edm.Int32 Nullable=True]
			Source = 
			(Type: )