$filter = not endswith(Name,'milk') and startswith(Name, 'word') or length(QuantityPerUnit) eq 15


FilterQueryOption
	ItemType = [Microsoft.Test.Taupo.OData.WCFService.Product Nullable=False]
	Parameter = 
	ResourceRangeVariable
		Name = $it
		NavigationSource = SpecialProduct
		TypeReference = [Microsoft.Test.Taupo.OData.WCFService.Product Nullable=False]
	Expression = 
			Not(
				SingleValueFunctionCallNode
					Name = endswith
					Return Type = [Edm.Boolean Nullable=False]
					Function = 
					Arguments = 
						SingleValuePropertyAccessNode
							Property = Name
							TypeReference = [Edm.String Nullable=True Unicode=True]
							Source = 
							ResourceRangeVariableReferenceNode
								Name = $it
								NavigationSource = SpecialProduct
								TypeReference = [Microsoft.Test.Taupo.OData.WCFService.Product Nullable=False]
								Range Variable = Microsoft.OData.UriParser.ResourceRangeVariable
						milk(Type: [Edm.String Nullable=True Unicode=True])
			)
		And
			SingleValueFunctionCallNode
				Name = startswith
				Return Type = [Edm.Boolean Nullable=False]
				Function = 
				Arguments = 
					SingleValuePropertyAccessNode
						Property = Name
						TypeReference = [Edm.String Nullable=True Unicode=True]
						Source = 
						ResourceRangeVariableReferenceNode
							Name = $it
							NavigationSource = SpecialProduct
							TypeReference = [Microsoft.Test.Taupo.OData.WCFService.Product Nullable=False]
							Range Variable = Microsoft.OData.UriParser.ResourceRangeVariable
					word(Type: [Edm.String Nullable=True Unicode=True])
	Or
			SingleValueFunctionCallNode
				Name = length
				Return Type = [Edm.Int32 Nullable=False]
				Function = 
				Arguments = 
					SingleValuePropertyAccessNode
						Property = QuantityPerUnit
						TypeReference = [Edm.String Nullable=True Unicode=True]
						Source = 
						ResourceRangeVariableReferenceNode
							Name = $it
							NavigationSource = SpecialProduct
							TypeReference = [Microsoft.Test.Taupo.OData.WCFService.Product Nullable=False]
							Range Variable = Microsoft.OData.UriParser.ResourceRangeVariable
		Equal
			15(Type: [Edm.Int32 Nullable=False])