$filter = EmployeeID eq null


FilterQueryOption
	ItemType = [Microsoft.Test.Taupo.OData.WCFService.Order Nullable=False]
	Parameter = 
	ResourceRangeVariable
		Name = $it
		NavigationSource = SpecialOrder
		TypeReference = [Microsoft.Test.Taupo.OData.WCFService.Order Nullable=False]
	Expression = 
		SingleValuePropertyAccessNode
			Property = EmployeeID
			TypeReference = [Edm.Int32 Nullable=True]
			Source = 
			ResourceRangeVariableReferenceNode
				Name = $it
				NavigationSource = SpecialOrder
				TypeReference = [Microsoft.Test.Taupo.OData.WCFService.Order Nullable=False]
				Range Variable = Microsoft.OData.UriParser.ResourceRangeVariable
	Equal
		ConvertNode
			TypeReference = [Edm.Int32 Nullable=True]
			Source = 
			(Type: )