$select = 
$expand = LoggedInEmployee($filter=geo.intersects(geometry'Point(10 30)', geometry'Polygon((5 16, 5 30, 20 30, 20 16, 5 16))'))


SelectExpandQueryOption
	AllSelected = True
	SelectedItems
		Expanded Navigation Property
			Path[(NavigationProperty: LoggedInEmployee)]
			FilterQueryOption
				ItemType = [Microsoft.Test.Taupo.OData.WCFService.Employee Nullable=False]
				Parameter = 
				ResourceRangeVariable
					Name = $it
					NavigationSource = LoggedInEmployee
					TypeReference = [Microsoft.Test.Taupo.OData.WCFService.Employee Nullable=False]
				Expression = 
				SingleValueFunctionCallNode
					Name = geo.intersects
					Return Type = [Edm.Boolean Nullable=True]
					Function = 
					Arguments = 
						Microsoft.Spatial.GeometryPointImplementation(Type: [Edm.GeometryPoint Nullable=True SRID=0])
						Microsoft.Spatial.GeometryPolygonImplementation(Type: [Edm.GeometryPolygon Nullable=True SRID=0])
			SelectExpandQueryOption
				AllSelected = True
				SelectedItems(Empty List)