$select = 
$expand = AssociatedOrder($filter=OrderDetails/any(a: a/ProductID ge 3.2 and a/OrderPlaced eq a/OrderPlaced))


SelectExpandQueryOption
	AllSelected = True
	SelectedItems
		Expanded Navigation Property
			Path[(NavigationProperty: AssociatedOrder)]
			FilterQueryOption
				ItemType = [Microsoft.Test.Taupo.OData.WCFService.Order Nullable=False]
				Parameter = 
				ResourceRangeVariable
					Name = $it
					NavigationSource = Orders
					TypeReference = [Microsoft.Test.Taupo.OData.WCFService.Order Nullable=False]
				Expression = 
				AnyNode
					TypeReference = [Edm.Boolean Nullable=True]
					Body = 
							ConvertNode
								TypeReference = [Edm.Single Nullable=False]
								Source = 
								SingleValuePropertyAccessNode
									Property = ProductID
									TypeReference = [Edm.Int32 Nullable=False]
									Source = 
									ResourceRangeVariableReferenceNode
										Name = a
										NavigationSource = OrderDetails
										TypeReference = [Microsoft.Test.Taupo.OData.WCFService.OrderDetail Nullable=True]
										Range Variable = Microsoft.OData.UriParser.ResourceRangeVariable
						GreaterThanOrEqual
							3.2(Type: [Edm.Single Nullable=False])
					And
							SingleValuePropertyAccessNode
								Property = OrderPlaced
								TypeReference = [Edm.DateTimeOffset Nullable=False Precision=0]
								Source = 
								ResourceRangeVariableReferenceNode
									Name = a
									NavigationSource = OrderDetails
									TypeReference = [Microsoft.Test.Taupo.OData.WCFService.OrderDetail Nullable=True]
									Range Variable = Microsoft.OData.UriParser.ResourceRangeVariable
						Equal
							SingleValuePropertyAccessNode
								Property = OrderPlaced
								TypeReference = [Edm.DateTimeOffset Nullable=False Precision=0]
								Source = 
								ResourceRangeVariableReferenceNode
									Name = a
									NavigationSource = OrderDetails
									TypeReference = [Microsoft.Test.Taupo.OData.WCFService.OrderDetail Nullable=True]
									Range Variable = Microsoft.OData.UriParser.ResourceRangeVariable
					Source = 
					CollectionNavigationNode
						ItemType = [Microsoft.Test.Taupo.OData.WCFService.OrderDetail Nullable=True]
						Entity Item Type = [Microsoft.Test.Taupo.OData.WCFService.OrderDetail Nullable=True]
						NavigationSource = OrderDetails
						Multiplicity = Many
						Navigation Property = OrderDetails
						Source = 
						ResourceRangeVariableReferenceNode
							Name = $it
							NavigationSource = Orders
							TypeReference = [Microsoft.Test.Taupo.OData.WCFService.Order Nullable=False]
							Range Variable = Microsoft.OData.UriParser.ResourceRangeVariable
					Parameters = 
					ResourceRangeVariable
						Name = a
						NavigationSource = OrderDetails
						TypeReference = [Microsoft.Test.Taupo.OData.WCFService.OrderDetail Nullable=True]
					ResourceRangeVariable
						Name = $it
						NavigationSource = Orders
						TypeReference = [Microsoft.Test.Taupo.OData.WCFService.Order Nullable=False]
			SelectExpandQueryOption
				AllSelected = True
				SelectedItems(Empty List)