$select = 
$expand = CustomerForOrder($filter=Microsoft.Test.Taupo.OData.WCFService.HowManyPotatoesEaten() eq 3)


SelectExpandQueryOption
	AllSelected = True
	SelectedItems
		Expanded Navigation Property
			Path[(NavigationProperty: CustomerForOrder)]
			FilterQueryOption
				ItemType = [Microsoft.Test.Taupo.OData.WCFService.Customer Nullable=False]
				Parameter = 
				ResourceRangeVariable
					Name = $it
					NavigationSource = CustomerForOrder
					TypeReference = [Microsoft.Test.Taupo.OData.WCFService.Customer Nullable=False]
				Expression = 
					SingleValueFunctionCallNode
						Name = Microsoft.Test.Taupo.OData.WCFService.HowManyPotatoesEaten
						Return Type = [Edm.Int32 Nullable=False]
						Function = 
							Primitive HowManyPotatoesEaten()
						Arguments = 
				Equal
					3(Type: [Edm.Int32 Nullable=False])
			SelectExpandQueryOption
				AllSelected = True
				SelectedItems(Empty List)