$select = 
$expand = CustomerForOrder($filter=TimeBetweenLastTwoOrders lt TimeBetweenLastTwoOrders)


SelectExpandQueryOption
	AllSelected = True
	SelectedItems
		Expanded Navigation Property
			Path[(NavigationProperty: CustomerForOrder)]
			FilterQueryOption
				ItemType = [Microsoft.Test.Taupo.OData.WCFService.Customer Nullable=False]
				Parameter = 
				ResourceRangeVariable
					Name = $it
					NavigationSource = CustomerForOrder
					TypeReference = [Microsoft.Test.Taupo.OData.WCFService.Customer Nullable=False]
				Expression = 
					SingleValuePropertyAccessNode
						Property = TimeBetweenLastTwoOrders
						TypeReference = [Edm.Duration Nullable=False Precision=0]
						Source = 
						ResourceRangeVariableReferenceNode
							Name = $it
							NavigationSource = CustomerForOrder
							TypeReference = [Microsoft.Test.Taupo.OData.WCFService.Customer Nullable=False]
							Range Variable = Microsoft.OData.UriParser.ResourceRangeVariable
				LessThan
					SingleValuePropertyAccessNode
						Property = TimeBetweenLastTwoOrders
						TypeReference = [Edm.Duration Nullable=False Precision=0]
						Source = 
						ResourceRangeVariableReferenceNode
							Name = $it
							NavigationSource = CustomerForOrder
							TypeReference = [Microsoft.Test.Taupo.OData.WCFService.Customer Nullable=False]
							Range Variable = Microsoft.OData.UriParser.ResourceRangeVariable
			SelectExpandQueryOption
				AllSelected = True
				SelectedItems(Empty List)