$orderby = now() sub Id sub mindatetime() sub duration'PT130S'


OrderByClause
	Item Type = [Microsoft.Test.Taupo.OData.WCFService.DurationInKey Nullable=False]
	Direction = Ascending
	Range Variable = 
	ResourceRangeVariable
		Name = $it
		NavigationSource = DurationInKeys
		TypeReference = [Microsoft.Test.Taupo.OData.WCFService.DurationInKey Nullable=False]
	Expression = 
				SingleValueFunctionCallNode
					Name = now
					Return Type = [Edm.DateTimeOffset Nullable=False Precision=0]
					Function = 
					Arguments = 
			Subtract
				SingleValuePropertyAccessNode
					Property = Id
					TypeReference = [Edm.Duration Nullable=False Precision=0]
					Source = 
					ResourceRangeVariableReferenceNode
						Name = $it
						NavigationSource = DurationInKeys
						TypeReference = [Microsoft.Test.Taupo.OData.WCFService.DurationInKey Nullable=False]
						Range Variable = Microsoft.OData.UriParser.ResourceRangeVariable
		Subtract
			SingleValueFunctionCallNode
				Name = mindatetime
				Return Type = [Edm.DateTimeOffset Nullable=False Precision=0]
				Function = 
				Arguments = 
	Subtract
		00:02:10(Type: [Edm.Duration Nullable=False Precision=0])
	Then By = 