$orderby = FirstName desc, LastName, City asc, Birthday desc


OrderByClause
	Item Type = [Microsoft.Test.Taupo.OData.WCFService.Customer Nullable=False]
	Direction = Descending
	Range Variable = 
	ResourceRangeVariable
		Name = $it
		NavigationSource = Customers
		TypeReference = [Microsoft.Test.Taupo.OData.WCFService.Customer Nullable=False]
	Expression = 
	SingleValuePropertyAccessNode
		Property = FirstName
		TypeReference = [Edm.String Nullable=True Unicode=True]
		Source = 
		ResourceRangeVariableReferenceNode
			Name = $it
			NavigationSource = Customers
			TypeReference = [Microsoft.Test.Taupo.OData.WCFService.Customer Nullable=False]
			Range Variable = Microsoft.OData.UriParser.ResourceRangeVariable
	Then By = 
	OrderByClause
		Item Type = [Microsoft.Test.Taupo.OData.WCFService.Customer Nullable=False]
		Direction = Ascending
		Range Variable = 
		ResourceRangeVariable
			Name = $it
			NavigationSource = Customers
			TypeReference = [Microsoft.Test.Taupo.OData.WCFService.Customer Nullable=False]
		Expression = 
		SingleValuePropertyAccessNode
			Property = LastName
			TypeReference = [Edm.String Nullable=True Unicode=True]
			Source = 
			ResourceRangeVariableReferenceNode
				Name = $it
				NavigationSource = Customers
				TypeReference = [Microsoft.Test.Taupo.OData.WCFService.Customer Nullable=False]
				Range Variable = Microsoft.OData.UriParser.ResourceRangeVariable
		Then By = 
		OrderByClause
			Item Type = [Microsoft.Test.Taupo.OData.WCFService.Customer Nullable=False]
			Direction = Ascending
			Range Variable = 
			ResourceRangeVariable
				Name = $it
				NavigationSource = Customers
				TypeReference = [Microsoft.Test.Taupo.OData.WCFService.Customer Nullable=False]
			Expression = 
			SingleValuePropertyAccessNode
				Property = City
				TypeReference = [Edm.String Nullable=True Unicode=True]
				Source = 
				ResourceRangeVariableReferenceNode
					Name = $it
					NavigationSource = Customers
					TypeReference = [Microsoft.Test.Taupo.OData.WCFService.Customer Nullable=False]
					Range Variable = Microsoft.OData.UriParser.ResourceRangeVariable
			Then By = 
			OrderByClause
				Item Type = [Microsoft.Test.Taupo.OData.WCFService.Customer Nullable=False]
				Direction = Descending
				Range Variable = 
				ResourceRangeVariable
					Name = $it
					NavigationSource = Customers
					TypeReference = [Microsoft.Test.Taupo.OData.WCFService.Customer Nullable=False]
				Expression = 
				SingleValuePropertyAccessNode
					Property = Birthday
					TypeReference = [Edm.DateTimeOffset Nullable=False Precision=0]
					Source = 
					ResourceRangeVariableReferenceNode
						Name = $it
						NavigationSource = Customers
						TypeReference = [Microsoft.Test.Taupo.OData.WCFService.Customer Nullable=False]
						Range Variable = Microsoft.OData.UriParser.ResourceRangeVariable
				Then By = 