$filter = ManufactureAddresss/any(d:d/Microsoft.Test.Taupo.OData.WCFService.HomeAddress/HomeNO ne '999')


FilterQueryOption
	ItemType = [Microsoft.Test.Taupo.OData.WCFService.Product Nullable=False]
	Parameter = 
	ResourceRangeVariable
		Name = $it
		NavigationSource = Products
		TypeReference = [Microsoft.Test.Taupo.OData.WCFService.Product Nullable=False]
	Expression = 
	AnyNode
		TypeReference = [Edm.Boolean Nullable=True]
		Body = 
			SingleValuePropertyAccessNode
				Property = HomeNO
				TypeReference = [Edm.String Nullable=True Unicode=True]
				Source = 
				SingleResourceCastNode
					Type Reference = [Microsoft.Test.Taupo.OData.WCFService.HomeAddress Nullable=False]
					NavigationSource = Products
					Entity Type Reference = [Microsoft.Test.Taupo.OData.WCFService.HomeAddress Nullable=False]
					Source = 
					ResourceRangeVariableReferenceNode
						Name = d
						NavigationSource = Products
						TypeReference = [Microsoft.Test.Taupo.OData.WCFService.Address Nullable=True]
						Range Variable = Microsoft.OData.UriParser.ResourceRangeVariable
		NotEqual
			999(Type: [Edm.String Nullable=True Unicode=True])
		Source = 
		CollectionComplexNode
			Property = ManufactureAddresss
			ItemType = [Microsoft.Test.Taupo.OData.WCFService.Address Nullable=True]
			Source = 
			ResourceRangeVariableReferenceNode
				Name = $it
				NavigationSource = Products
				TypeReference = [Microsoft.Test.Taupo.OData.WCFService.Product Nullable=False]
				Range Variable = Microsoft.OData.UriParser.ResourceRangeVariable
		Parameters = 
		ResourceRangeVariable
			Name = d
			NavigationSource = Products
			TypeReference = [Microsoft.Test.Taupo.OData.WCFService.Address Nullable=True]
		ResourceRangeVariable
			Name = $it
			NavigationSource = Products
			TypeReference = [Microsoft.Test.Taupo.OData.WCFService.Product Nullable=False]