$filter = Child/Microsoft.Test.Taupo.OData.WCFService.Customer/City ne 'Shanghai'


FilterQueryOption
	ItemType = [Microsoft.Test.Taupo.OData.WCFService.Person Nullable=False]
	Parameter = 
	ResourceRangeVariable
		Name = $it
		NavigationSource = People
		TypeReference = [Microsoft.Test.Taupo.OData.WCFService.Person Nullable=False]
	Expression = 
		SingleValuePropertyAccessNode
			Property = City
			TypeReference = [Edm.String Nullable=True Unicode=True]
			Source = 
			SingleResourceCastNode
				Type Reference = [Microsoft.Test.Taupo.OData.WCFService.Customer Nullable=False]
				NavigationSource = Child
				Entity Type Reference = [Microsoft.Test.Taupo.OData.WCFService.Customer Nullable=False]
				Source = 
				SingleNavigationNode
					NavigationSource = Child
					Type Reference = [Microsoft.Test.Taupo.OData.WCFService.Person Nullable=True]
					Property = Child
					Multiplicity = ZeroOrOne
					Source = 
					ResourceRangeVariableReferenceNode
						Name = $it
						NavigationSource = People
						TypeReference = [Microsoft.Test.Taupo.OData.WCFService.Person Nullable=False]
						Range Variable = Microsoft.OData.UriParser.ResourceRangeVariable
	NotEqual
		Shanghai(Type: [Edm.String Nullable=True Unicode=True])