$filter = Microsoft.Test.Taupo.OData.WCFService.Within(Location=@a, Distance=@b)


FilterQueryOption
	ItemType = [Microsoft.Test.Taupo.OData.WCFService.Customer Nullable=False]
	Parameter = 
	ResourceRangeVariable
		Name = $it
		NavigationSource = Customers
		TypeReference = [Microsoft.Test.Taupo.OData.WCFService.Customer Nullable=False]
	Expression = 
	SingleValueFunctionCallNode
		Name = Microsoft.Test.Taupo.OData.WCFService.Within
		Return Type = [Edm.Boolean Nullable=False]
		Function = 
			Primitive Within([Microsoft.Test.Taupo.OData.WCFService.Customer Nullable=False],[Microsoft.Test.Taupo.OData.WCFService.Address Nullable=False],[Edm.Int32 Nullable=False],)
		Arguments = 
			NamedFunctionParameterNode
				Parameter Name = Location
				Value = 
				ParameterAliasNode
					Parameter Name = @a
					Type = 
			NamedFunctionParameterNode
				Parameter Name = Distance
				Value = 
				ParameterAliasNode
					Parameter Name = @b
					Type = 